Initial Frame:
. . . . . . . . . . . 
. . . . . . . . . . . 
. . . . . . . . . . . 
. . . . . . . . . . . 
. . . . . . . . . . . 
. . . . X X X . . . . 
. . . . X . X . . . . 
. . . . X X X . . . . 
. . . . X X X . . . . 
. . . . X X X . . . . 
. . . . X X X . . . . 
. . . . X . X . . . . 
. . . . X X X . . . . 
. . . . . . . . . . . 
. . . . . . . . . . . 
. . . . . . . . . . . 
. . . . . . . . . . . 
. . . . . . . . . . . 


Frame #1:
. . . . . . . . . . . 
. . . . . . . . . . . 
. . . . . . . . . . . 
. . . . . . . . . . . 
. . . . . X . . . . . 
. . . . X . X . . . . 
. . . X . . . X . . . 
. . . X . . . X . . . 
. . . X . . . X . . . 
. . . X . . . X . . . 
. . . X . . . X . . . 
. . . X . . . X . . . 
. . . . X . X . . . . 
. . . . . X . . . . . 
. . . . . . . . . . . 
. . . . . . . . . . . 
. . . . . . . . . . . 
. . . . . . . . . . . 


Frame #2:
. . . . . . . . . . . 
. . . . . . . . . . . 
. . . . . . . . . . . 
. . . . . . . . . . . 
. . . . . X . . . . . 
. . . . X X X . . . . 
. . . X X . X X . . . 
. . X X X . X X X . . 
. . X X X . X X X . . 
. . X X X . X X X . . 
. . X X X . X X X . . 
. . . X X . X X . . . 
. . . . X X X . . . . 
. . . . . X . . . . . 
. . . . . . . . . . . 
. . . . . . . . . . . 
. . . . . . . . . . . 
. . . . . . . . . . . 


Frame #3:
. . . . . . . . . . . 
. . . . . . . . . . . 
. . . . . . . . . . . 
. . . . . . . . . . . 
. . . . X X X . . . . 
. . . X . . . X . . . 
. . X . . . . . X . . 
. . . . . . . . . . . 
. X . . . . . . . X . 
. X . . . . . . . X . 
. . . . . . . . . . . 
. . X . . . . . X . . 
. . . X . . . X . . . 
. . . . X X X . . . . 
. . . . . . . . . . . 
. . . . . . . . . . . 
. . . . . . . . . . . 
. . . . . . . . . . . 


Frame #4:
. . . . . . . . . . . 
. . . . . . . . . . . 
. . . . . . . . . . . 
. . . . . X . . . . . 
. . . . X X X . . . . 
. . . X X X X X . . . 
. . . . . . . . . . . 
. . . . . . . . . . . 
. . . . . . . . . . . 
. . . . . . . . . . . 
. . . . . . . . . . . 
. . . . . . . . . . . 
. . . X X X X X . . . 
. . . . X X X . . . . 
. . . . . X . . . . . 
. . . . . . . . . . . 
. . . . . . . . . . . 
. . . . . . . . . . . 


Frame #5:
. . . . . . . . . . . 
. . . . . . . . . . . 
. . . . . . . . . . . 
. . . . X X X . . . . 
. . . X . . . X . . . 
. . . X . . . X . . . 
. . . . X X X . . . . 
. . . . . . . . . . . 
. . . . . . . . . . . 
. . . . . . . . . . . 
. . . . . . . . . . . 
. . . . X X X . . . . 
. . . X . . . X . . . 
. . . X . . . X . . . 
. . . . X X X . . . . 
. . . . . . . . . . . 
. . . . . . . . . . . 
. . . . . . . . . . . 


Frame #6:
. . . . . . . . . . . 
. . . . . . . . . . . 
. . . . . X . . . . . 
. . . . X X X . . . . 
. . . X . X . X . . . 
. . . X . X . X . . . 
. . . . X X X . . . . 
. . . . . X . . . . . 
. . . . . . . . . . . 
. . . . . . . . . . . 
. . . . . X . . . . . 
. . . . X X X . . . . 
. . . X . X . X . . . 
. . . X . X . X . . . 
. . . . X X X . . . . 
. . . . . X . . . . . 
. . . . . . . . . . . 
. . . . . . . . . . . 


Frame #7:
. . . . . . . . . . . 
. . . . . . . . . . . 
. . . . X X X . . . . 
. . . . . . . . . . . 
. . . X . . . X . . . 
. . . X . . . X . . . 
. . . . . . . . . . . 
. . . . X X X . . . . 
. . . . . . . . . . . 
. . . . . . . . . . . 
. . . . X X X . . . . 
. . . . . . . . . . . 
. . . X . . . X . . . 
. . . X . . . X . . . 
. . . . . . . . . . . 
. . . . X X X . . . . 
. . . . . . . . . . . 
. . . . . . . . . . . 


Frame #8:
. . . . . . . . . . . 
. . . . . X . . . . . 
. . . . . X . . . . . 
. . . . X X X . . . . 
. . . . . . . . . . . 
. . . . . . . . . . . 
. . . . X X X . . . . 
. . . . . X . . . . . 
. . . . . X . . . . . 
. . . . . X . . . . . 
. . . . . X . . . . . 
. . . . X X X . . . . 
. . . . . . . . . . . 
. . . . . . . . . . . 
. . . . X X X . . . . 
. . . . . X . . . . . 
. . . . . X . . . . . 
. . . . . . . . . . . 


Frame #9:
. . . . . . . . . . . 
. . . . . . . . . . . 
. . . . . . . . . . . 
. . . . X X X . . . . 
. . . . . X . . . . . 
. . . . . X . . . . . 
. . . . X X X . . . . 
. . . . . . . . . . . 
. . . . X X X . . . . 
. . . . X X X . . . . 
. . . . . . . . . . . 
. . . . X X X . . . . 
. . . . . X . . . . . 
. . . . . X . . . . . 
. . . . X X X . . . . 
. . . . . . . . . . . 
. . . . . . . . . . . 
. . . . . . . . . . . 


Frame #10:
. . . . . . . . . . . 
. . . . . . . . . . . 
. . . . . X . . . . . 
. . . . X X X . . . . 
. . . . . . . . . . . 
. . . . . . . . . . . 
. . . . X X X . . . . 
. . . . . . . . . . . 
. . . . X . X . . . . 
. . . . X . X . . . . 
. . . . . . . . . . . 
. . . . X X X . . . . 
. . . . . . . . . . . 
. . . . . . . . . . . 
. . . . X X X . . . . 
. . . . . X . . . . . 
. . . . . . . . . . . 
. . . . . . . . . . . 


Frame #11:
. . . . . . . . . . . 
. . . . . . . . . . . 
. . . . X X X . . . . 
. . . . X X X . . . . 
. . . . . X . . . . . 
. . . . . X . . . . . 
. . . . . X . . . . . 
. . . . X . X . . . . 
. . . . . . . . . . . 
. . . . . . . . . . . 
. . . . X . X . . . . 
. . . . . X . . . . . 
. . . . . X . . . . . 
. . . . . X . . . . . 
. . . . X X X . . . . 
. . . . X X X . . . . 
. . . . . . . . . . . 
. . . . . . . . . . . 


Frame #12:
. . . . . . . . . . . 
. . . . . X . . . . . 
. . . . X . X . . . . 
. . . . . . . . . . . 
. . . . . . . . . . . 
. . . . X X X . . . . 
. . . . X X X . . . . 
. . . . . X . . . . . 
. . . . . . . . . . . 
. . . . . . . . . . . 
. . . . . X . . . . . 
. . . . X X X . . . . 
. . . . X X X . . . . 
. . . . . . . . . . . 
. . . . . . . . . . . 
. . . . X . X . . . . 
. . . . . X . . . . . 
. . . . . . . . . . . 


Frame #13:
. . . . . . . . . . . 
. . . . . X . . . . . 
. . . . . X . . . . . 
. . . . . . . . . . . 
. . . . . X . . . . . 
. . . . X . X . . . . 
. . . . . . . . . . . 
. . . . X X X . . . . 
. . . . . . . . . . . 
. . . . . . . . . . . 
. . . . X X X . . . . 
. . . . . . . . . . . 
. . . . X . X . . . . 
. . . . . X . . . . . 
. . . . . . . . . . . 
. . . . . X . . . . . 
. . . . . X . . . . . 
. . . . . . . . . . . 


Frame #14:
. . . . . . . . . . . 
. . . . . . . . . . . 
. . . . . . . . . . . 
. . . . . . . . . . . 
. . . . . X . . . . . 
. . . . . X . . . . . 
. . . . X . X . . . . 
. . . . . X . . . . . 
. . . . . X . . . . . 
. . . . . X . . . . . 
. . . . . X . . . . . 
. . . . X . X . . . . 
. . . . . X . . . . . 
. . . . . X . . . . . 
. . . . . . . . . . . 
. . . . . . . . . . . 
. . . . . . . . . . . 
. . . . . . . . . . . 


Frame #15:
. . . . . . . . . . . 
. . . . . . . . . . . 
. . . . . . . . . . . 
. . . . . . . . . . . 
. . . . . . . . . . . 
. . . . X X X . . . . 
. . . . X . X . . . . 
. . . . X X X . . . . 
. . . . X X X . . . . 
. . . . X X X . . . . 
. . . . X X X . . . . 
. . . . X . X . . . . 
. . . . X X X . . . . 
. . . . . . . . . . . 
. . . . . . . . . . . 
. . . . . . . . . . . 
. . . . . . . . . . . 
. . . . . . . . . . . 



