Game of Life

Initial Frame:
. . . . . 
. . . . . 
. X X X . 
. . . . . 
. . . . . 


Start game:
. . . . . 
. . X . . 
. . X . . 
. . X . . 
. . . . . 


Frame #2:
. . . . . 
. . . . . 
. X X X . 
. . . . . 
. . . . . 


Frame #3:
. . . . . 
. . X . . 
. . X . . 
. . X . . 
. . . . . 


Frame #4:
. . . . . 
. . . . . 
. X X X . 
. . . . . 
. . . . . 


Frame #5:
. . . . . 
. . X . . 
. . X . . 
. . X . . 
. . . . . 



